2026-08-27 16:17:25,369 [INFO] Activator:176 - 


2026-08-27 16:17:25,369 [INFO] Activator:177 - !SESSION log4j initialized
2026-08-27 16:17:37,975 [INFO] LogOutputStream:77 - [STDOUT_REDIRECT] 
2026-08-27 16:17:47,565 [INFO] ApplicationProperties:184 - Using Application install path: C:\ST\STM32CubeIDE_1.19.0\STM32CubeIDE\plugins\com.st.stm32cube.common.mx_6.15.0.202507011659
2026-08-27 16:17:47,748 [INFO] DbMcusXml:78 - Set database path to: C:\ST\STM32CubeIDE_1.19.0\STM32CubeIDE\plugins\com.st.stm32cube.common.mx_6.15.0.202507011659\\db\/mcu/
2026-08-27 16:17:47,748 [INFO] ApiDb:274 - Set plugin database path to: C:\ST\STM32CubeIDE_1.19.0\STM32CubeIDE\plugins\com.st.stm32cube.common.mx_6.15.0.202507011659\\db\/plugins/boardmanager/
2026-08-27 16:17:47,749 [WARN] ApiDb:259 - Overriding images path with different value:  => C:\ST\STM32CubeIDE_1.19.0\STM32CubeIDE\plugins\com.st.stm32cube.common.mx_6.15.0.202507011659\\db\/plugins/mcufinder/images/
2026-08-27 16:17:52,905 [WARN] ApiFinderProperties:113 - C:\Users\Student\.stmcufinder\plugins\mcufinder\mcu\mcuFinder.mfd doesn't exist
2026-08-27 16:17:52,906 [INFO] ApiDb:250 - Set database path to: C:\Users\Student\.stmcufinder\plugins\mcufinder//mcu/
2026-08-27 16:17:53,094 [INFO] DbMcusAds:125 - Set database path to: C:\Users\Student\.stmcufinder\plugins\mcufinder//mcu/
2026-08-27 16:17:53,583 [INFO] CrossReferenceDbSqlite:203 - Set database path to: C:\Users\Student\.stmcufinder\plugins\mcufinder//mcu/cs/
2026-08-27 16:17:54,017 [INFO] RulesReader:64 - Compatibility file has been processed (317 Rules)
2026-08-27 16:17:54,155 [INFO] DbMcusXml:78 - Set database path to: C:\ST\STM32CubeIDE_1.19.0\STM32CubeIDE\plugins\com.st.stm32cube.common.mx_6.15.0.202507011659\\db\/mcu/
2026-08-27 16:17:54,155 [INFO] ApiDb:274 - Set plugin database path to: C:\ST\STM32CubeIDE_1.19.0\STM32CubeIDE\plugins\com.st.stm32cube.common.mx_6.15.0.202507011659\\db\/plugins/boardmanager/
2026-08-27 16:17:54,155 [INFO] ApiDb:261 - Set plugin images path to: C:\ST\STM32CubeIDE_1.19.0\STM32CubeIDE\plugins\com.st.stm32cube.common.mx_6.15.0.202507011659\\db\/plugins/mcufinder/images/
2026-08-27 16:17:54,156 [WARN] DbFile:41 - Overriding database path with different value: C:\Users\Student\.stmcufinder\plugins\mcufinder/ => C:\Users\Student\.stmcufinder\plugins\mcufinder
2026-08-27 16:17:54,156 [INFO] ApiDb:250 - Set database path to: C:\Users\Student\.stmcufinder\plugins\mcufinder//mcu/
2026-08-27 16:17:54,156 [WARN] DbFile:41 - Overriding database path with different value: C:\Users\Student\.stmcufinder\plugins\mcufinder/ => C:\Users\Student\.stmcufinder\plugins\mcufinder
2026-08-27 16:17:54,156 [INFO] DbMcusAds:125 - Set database path to: C:\Users\Student\.stmcufinder\plugins\mcufinder//mcu/
2026-08-27 16:17:54,156 [WARN] DbFile:41 - Overriding database path with different value: C:\Users\Student\.stmcufinder\plugins\mcufinder/ => C:\Users\Student\.stmcufinder\plugins\mcufinder
2026-08-27 16:17:54,156 [WARN] DbFile:41 - Overriding database path with different value: C:\Users\Student\.stmcufinder\plugins\mcufinder/ => C:\Users\Student\.stmcufinder\plugins\mcufinder
2026-08-27 16:17:54,156 [INFO] CrossReferenceDbSqlite:203 - Set database path to: C:\Users\Student\.stmcufinder\plugins\mcufinder//mcu/cs/
2026-08-27 16:17:54,256 [INFO] MainPanel:274 - HeapMemory: 268435456
2026-08-27 16:17:54,711 [INFO] DbMcusXml:78 - Set database path to: C:\ST\STM32CubeIDE_1.19.0\STM32CubeIDE\plugins\com.st.stm32cube.common.mx_6.15.0.202507011659\\db\/mcu/
2026-08-27 16:17:54,711 [INFO] ApiDb:274 - Set plugin database path to: C:\ST\STM32CubeIDE_1.19.0\STM32CubeIDE\plugins\com.st.stm32cube.common.mx_6.15.0.202507011659\\db\/plugins/boardmanager/
2026-08-27 16:17:54,711 [INFO] ApiDb:261 - Set plugin images path to: C:\ST\STM32CubeIDE_1.19.0\STM32CubeIDE\plugins\com.st.stm32cube.common.mx_6.15.0.202507011659\\db\/plugins/mcufinder/images/
2026-08-27 16:17:54,712 [WARN] DbFile:41 - Overriding database path with different value: C:\Users\Student\.stmcufinder\plugins\mcufinder/ => C:\Users\Student\.stmcufinder\plugins\mcufinder
2026-08-27 16:17:54,712 [INFO] ApiDb:250 - Set database path to: C:\Users\Student\.stmcufinder\plugins\mcufinder//mcu/
2026-08-27 16:17:54,712 [WARN] DbFile:41 - Overriding database path with different value: C:\Users\Student\.stmcufinder\plugins\mcufinder/ => C:\Users\Student\.stmcufinder\plugins\mcufinder
2026-08-27 16:17:54,712 [INFO] DbMcusAds:125 - Set database path to: C:\Users\Student\.stmcufinder\plugins\mcufinder//mcu/
2026-08-27 16:17:54,712 [WARN] DbFile:41 - Overriding database path with different value: C:\Users\Student\.stmcufinder\plugins\mcufinder/ => C:\Users\Student\.stmcufinder\plugins\mcufinder
2026-08-27 16:17:54,712 [WARN] DbFile:41 - Overriding database path with different value: C:\Users\Student\.stmcufinder\plugins\mcufinder/ => C:\Users\Student\.stmcufinder\plugins\mcufinder
2026-08-27 16:17:54,712 [INFO] CrossReferenceDbSqlite:203 - Set database path to: C:\Users\Student\.stmcufinder\plugins\mcufinder//mcu/cs/
2026-08-27 16:17:54,827 [INFO] ApplicationProperties:184 - Using Application install path: C:\ST\STM32CubeIDE_1.19.0\STM32CubeIDE\plugins\com.st.stm32cube.common.mx_6.15.0.202507011659
2026-08-27 16:17:54,829 [INFO] PluginManage:196 - Search for loadable plugins [exclusion list=, ]
2026-08-27 16:17:54,831 [INFO] PluginManage:310 - Check plugin analytics
2026-08-27 16:18:00,462 [INFO] AnalyticsPlugin:253 - Accepted Software Licenses: 
2026-08-27 16:18:00,462 [INFO] AnalyticsPlugin:255 - Accepted CMSIS Pack Licenses: 
2026-08-27 16:18:00,462 [INFO] AnalyticsPlugin:257 - Accepted Firmware Licenses: 
2026-08-27 16:18:00,464 [INFO] PluginManage:359 - Loaded plugin analytics (category:tool,tabindex:-1)
2026-08-27 16:18:00,465 [INFO] PluginManage:310 - Check plugin cadmodel
2026-08-27 16:18:00,601 [INFO] CADModel:105 - Init CAD model plugin
2026-08-27 16:18:00,601 [INFO] PluginManage:359 - Loaded plugin cadmodel (category:power,tabindex:5)
2026-08-27 16:18:00,602 [INFO] PluginManage:310 - Check plugin clock
2026-08-27 16:18:00,883 [INFO] PluginManage:359 - Loaded plugin clock (category:base,tabindex:2)
2026-08-27 16:18:00,883 [INFO] PluginManage:310 - Check plugin ddr
2026-08-27 16:18:00,931 [INFO] PluginManage:359 - Loaded plugin ddr (category:tool,tabindex:6)
2026-08-27 16:18:00,931 [INFO] PluginManage:310 - Check plugin filemanager
2026-08-27 16:18:01,678 [INFO] PluginManage:359 - Loaded plugin filemanager (category:base,tabindex:10)
2026-08-27 16:18:01,678 [INFO] PluginManage:310 - Check plugin ipmanager
2026-08-27 16:18:01,753 [INFO] PluginManage:359 - Loaded plugin ipmanager (category:base,tabindex:5)
2026-08-27 16:18:01,753 [INFO] PluginManage:310 - Check plugin lpbam
2026-08-27 16:18:01,771 [INFO] PluginManage:359 - Loaded plugin lpbam (category:base,tabindex:0)
2026-08-27 16:18:01,771 [INFO] PluginManage:310 - Check plugin memorymap
2026-08-27 16:18:02,980 [INFO] PluginManage:359 - Loaded plugin memorymap (category:base,tabindex:4)
2026-08-27 16:18:02,980 [INFO] PluginManage:310 - Check plugin pinoutandconfiguration
2026-08-27 16:18:03,889 [INFO] PluginManage:359 - Loaded plugin pinoutandconfiguration (category:base,tabindex:1)
2026-08-27 16:18:03,889 [INFO] PluginManage:310 - Check plugin pinoutconfig
2026-08-27 16:18:04,715 [WARN] SupportedApi:132 - Cannot load RTOS API schema: s4s-elt-must-match.1: The content of 'definitions' must match (annotation?, (simpleType | complexType)?, (unique | key | keyref)*)). A problem was found starting at: attribute.
2026-08-27 16:18:05,367 [INFO] PluginManage:359 - Loaded plugin pinoutconfig (category:base,tabindex:0)
2026-08-27 16:18:05,367 [INFO] PluginManage:310 - Check plugin power
2026-08-27 16:18:05,706 [INFO] PluginManage:359 - Loaded plugin power (category:power,tabindex:4)
2026-08-27 16:18:05,707 [INFO] PluginManage:310 - Check plugin projectmanager
2026-08-27 16:18:05,731 [INFO] PluginManage:359 - Loaded plugin projectmanager (category:projectmanager,tabindex:4)
2026-08-27 16:18:05,731 [INFO] PluginManage:310 - Check plugin rif
2026-08-27 16:18:05,763 [INFO] PluginManage:359 - Loaded plugin rif (category:base,tabindex:3)
2026-08-27 16:18:05,764 [INFO] PluginManage:310 - Check plugin thirdparty
2026-08-27 16:18:06,373 [INFO] PluginManage:359 - Loaded plugin thirdparty (category:base,tabindex:-1)
2026-08-27 16:18:06,373 [INFO] PluginManage:310 - Check plugin tools
2026-08-27 16:18:06,373 [WARN] IntegrityCheckThread:84 - waiting for thirdparty lock release [integrity check]
2026-08-27 16:18:06,373 [INFO] IntegrityCheckThread:86 - entering critical section [integrity check]
2026-08-27 16:18:06,374 [INFO] ThirdPartyUpdaterWithRetryManager:70 - Updater plugin not ready yet. [1/15]
2026-08-27 16:18:06,417 [INFO] PluginManage:359 - Loaded plugin tools (category:base,tabindex:7)
2026-08-27 16:18:06,417 [INFO] PluginManage:310 - Check plugin tutovideos
2026-08-27 16:18:07,213 [INFO] PluginManage:359 - Loaded plugin tutovideos (category:base,tabindex:-1)
2026-08-27 16:18:07,213 [INFO] PluginManage:310 - Check plugin updater
2026-08-27 16:18:07,285 [INFO] PluginManage:359 - Loaded plugin updater (category:base,tabindex:12)
2026-08-27 16:18:07,286 [INFO] PluginManage:310 - Check plugin userauth
2026-08-27 16:18:07,325 [INFO] UserAuth:118 - Init User Auth plugin
2026-08-27 16:18:07,326 [INFO] PluginManage:359 - Loaded plugin userauth (category:base,tabindex:14)
2026-08-27 16:18:07,326 [INFO] PluginManage:283 - PluginManage : Loaded plugins [18]
2026-08-27 16:18:07,946 [INFO] PinOutPanel:1589 - setPackage(No Configuration,No Configuration)
2026-08-27 16:18:08,223 [INFO] CADModel:165 - CPN selected for project level
2026-08-27 16:18:08,223 [INFO] CADModel:114 - Register for checkConnection events
2026-08-27 16:18:08,296 [INFO] IPUIPlugin:80 - create IPUIPlugin
2026-08-27 16:18:08,296 [INFO] PluginManager:220 - loadIPPluginJar : add adc
2026-08-27 16:18:08,344 [INFO] IPUIPlugin:80 - create IPUIPlugin
2026-08-27 16:18:08,345 [INFO] PluginManager:220 - loadIPPluginJar : add aes
2026-08-27 16:18:08,393 [INFO] IPUIPlugin:80 - create IPUIPlugin
2026-08-27 16:18:08,393 [INFO] PluginManager:220 - loadIPPluginJar : add can
2026-08-27 16:18:08,421 [INFO] IPUIPlugin:80 - create IPUIPlugin
2026-08-27 16:18:08,421 [INFO] PluginManager:220 - loadIPPluginJar : add comp
2026-08-27 16:18:08,480 [INFO] IPUIPlugin:80 - create IPUIPlugin
2026-08-27 16:18:08,480 [INFO] PluginManager:220 - loadIPPluginJar : add cryp
2026-08-27 16:18:08,540 [INFO] IPUIPlugin:80 - create IPUIPlugin
2026-08-27 16:18:08,540 [INFO] PluginManager:220 - loadIPPluginJar : add ddr_ctrl_phy
2026-08-27 16:18:08,574 [INFO] IPUIPlugin:80 - create IPUIPlugin
2026-08-27 16:18:08,574 [INFO] PluginManager:220 - loadIPPluginJar : add dfsdm
2026-08-27 16:18:08,581 [INFO] IPUIPlugin:80 - create IPUIPlugin
2026-08-27 16:18:08,581 [INFO] PluginManager:220 - loadIPPluginJar : add dma
2026-08-27 16:18:08,631 [INFO] IPUIPlugin:80 - create IPUIPlugin
2026-08-27 16:18:08,631 [INFO] PluginManager:220 - loadIPPluginJar : add dma3
2026-08-27 16:18:08,685 [INFO] IPUIPlugin:80 - create IPUIPlugin
2026-08-27 16:18:08,686 [INFO] PluginManager:220 - loadIPPluginJar : add extmemmanager
2026-08-27 16:18:08,709 [INFO] IPUIPlugin:80 - create IPUIPlugin
2026-08-27 16:18:08,709 [INFO] PluginManager:220 - loadIPPluginJar : add fatfs
2026-08-27 16:18:08,786 [INFO] IPUIPlugin:80 - create IPUIPlugin
2026-08-27 16:18:08,786 [INFO] PluginManager:220 - loadIPPluginJar : add fmc
2026-08-27 16:18:08,792 [INFO] IPUIPlugin:80 - create IPUIPlugin
2026-08-27 16:18:08,792 [INFO] PluginManager:220 - loadIPPluginJar : add freertos
2026-08-27 16:18:08,815 [INFO] IPUIPlugin:80 - create IPUIPlugin
2026-08-27 16:18:08,815 [INFO] PluginManager:220 - loadIPPluginJar : add genericplugin
2026-08-27 16:18:08,917 [INFO] IPUIPlugin:80 - create IPUIPlugin
2026-08-27 16:18:08,917 [INFO] PluginManager:220 - loadIPPluginJar : add gfxmmu
2026-08-27 16:18:08,920 [INFO] IPUIPlugin:80 - create IPUIPlugin
2026-08-27 16:18:08,921 [INFO] PluginManager:220 - loadIPPluginJar : add gic
2026-08-27 16:18:08,924 [INFO] IPUIPlugin:80 - create IPUIPlugin
2026-08-27 16:18:08,924 [INFO] PluginManager:220 - loadIPPluginJar : add gpio
2026-08-27 16:18:08,926 [INFO] IPUIPlugin:80 - create IPUIPlugin
2026-08-27 16:18:08,926 [INFO] PluginManager:220 - loadIPPluginJar : add gtzc
2026-08-27 16:18:08,963 [INFO] IPUIPlugin:80 - create IPUIPlugin
2026-08-27 16:18:08,963 [INFO] PluginManager:220 - loadIPPluginJar : add hash
2026-08-27 16:18:09,022 [INFO] IPUIPlugin:80 - create IPUIPlugin
2026-08-27 16:18:09,022 [INFO] PluginManager:220 - loadIPPluginJar : add i2c
2026-08-27 16:18:09,070 [INFO] IPUIPlugin:80 - create IPUIPlugin
2026-08-27 16:18:09,070 [INFO] PluginManager:220 - loadIPPluginJar : add i2s
2026-08-27 16:18:09,117 [INFO] IPUIPlugin:80 - create IPUIPlugin
2026-08-27 16:18:09,118 [INFO] PluginManager:220 - loadIPPluginJar : add i3c
2026-08-27 16:18:09,134 [INFO] IPUIPlugin:80 - create IPUIPlugin
2026-08-27 16:18:09,134 [INFO] PluginManager:220 - loadIPPluginJar : add ipddr
2026-08-27 16:18:09,244 [INFO] IPUIPlugin:80 - create IPUIPlugin
2026-08-27 16:18:09,244 [INFO] PluginManager:220 - loadIPPluginJar : add linkedlist
2026-08-27 16:18:09,286 [INFO] IPUIPlugin:80 - create IPUIPlugin
2026-08-27 16:18:09,286 [INFO] PluginManager:220 - loadIPPluginJar : add lorawan
2026-08-27 16:18:09,327 [INFO] IPUIPlugin:80 - create IPUIPlugin
2026-08-27 16:18:09,327 [INFO] PluginManager:220 - loadIPPluginJar : add ltdc
2026-08-27 16:18:09,332 [INFO] IPUIPlugin:80 - create IPUIPlugin
2026-08-27 16:18:09,332 [INFO] PluginManager:220 - loadIPPluginJar : add mdma
2026-08-27 16:18:09,361 [INFO] IPUIPlugin:80 - create IPUIPlugin
2026-08-27 16:18:09,361 [INFO] PluginManager:220 - loadIPPluginJar : add nvic
2026-08-27 16:18:09,376 [INFO] ThirdPartyUpdaterWithRetryManager:70 - Updater plugin not ready yet. [2/15]
2026-08-27 16:18:09,426 [INFO] IPUIPlugin:80 - create IPUIPlugin
2026-08-27 16:18:09,426 [INFO] PluginManager:220 - loadIPPluginJar : add opamp
2026-08-27 16:18:09,496 [INFO] IPUIPlugin:80 - create IPUIPlugin
2026-08-27 16:18:09,496 [INFO] PluginManager:220 - loadIPPluginJar : add openamp
2026-08-27 16:18:09,544 [INFO] IPUIPlugin:80 - create IPUIPlugin
2026-08-27 16:18:09,545 [INFO] PluginManager:220 - loadIPPluginJar : add pdm2pcm
2026-08-27 16:18:09,549 [INFO] IPUIPlugin:80 - create IPUIPlugin
2026-08-27 16:18:09,551 [INFO] PluginManager:220 - loadIPPluginJar : add plateformsettings
2026-08-27 16:18:09,577 [INFO] IPUIPlugin:80 - create IPUIPlugin
2026-08-27 16:18:09,577 [INFO] PluginManager:220 - loadIPPluginJar : add quadspi
2026-08-27 16:18:09,608 [INFO] IPUIPlugin:80 - create IPUIPlugin
2026-08-27 16:18:09,608 [INFO] PluginManager:220 - loadIPPluginJar : add radio
2026-08-27 16:18:09,611 [INFO] IPUIPlugin:80 - create IPUIPlugin
2026-08-27 16:18:09,612 [INFO] PluginManager:220 - loadIPPluginJar : add resmgrutility
2026-08-27 16:18:09,672 [INFO] IPUIPlugin:80 - create IPUIPlugin
2026-08-27 16:18:09,672 [INFO] PluginManager:220 - loadIPPluginJar : add sai
2026-08-27 16:18:09,715 [INFO] IPUIPlugin:80 - create IPUIPlugin
2026-08-27 16:18:09,715 [INFO] PluginManager:220 - loadIPPluginJar : add spi
2026-08-27 16:18:09,720 [INFO] IPUIPlugin:80 - create IPUIPlugin
2026-08-27 16:18:09,720 [INFO] PluginManager:220 - loadIPPluginJar : add stm32_wpan
2026-08-27 16:18:09,748 [INFO] IPUIPlugin:80 - create IPUIPlugin
2026-08-27 16:18:09,748 [INFO] PluginManager:220 - loadIPPluginJar : add tim
2026-08-27 16:18:09,823 [INFO] IPUIPlugin:80 - create IPUIPlugin
2026-08-27 16:18:09,823 [INFO] PluginManager:220 - loadIPPluginJar : add touchsensing
2026-08-27 16:18:09,851 [INFO] IPUIPlugin:80 - create IPUIPlugin
2026-08-27 16:18:09,851 [INFO] PluginManager:220 - loadIPPluginJar : add tracer_emb
2026-08-27 16:18:09,878 [INFO] IPUIPlugin:80 - create IPUIPlugin
2026-08-27 16:18:09,878 [INFO] PluginManager:220 - loadIPPluginJar : add ts
2026-08-27 16:18:09,904 [INFO] IPUIPlugin:80 - create IPUIPlugin
2026-08-27 16:18:09,904 [INFO] PluginManager:220 - loadIPPluginJar : add tsc
2026-08-27 16:18:09,932 [INFO] IPUIPlugin:80 - create IPUIPlugin
2026-08-27 16:18:09,932 [INFO] PluginManager:220 - loadIPPluginJar : add ucpd
2026-08-27 16:18:09,987 [INFO] IPUIPlugin:80 - create IPUIPlugin
2026-08-27 16:18:09,987 [INFO] PluginManager:220 - loadIPPluginJar : add usart
2026-08-27 16:18:10,040 [INFO] IPUIPlugin:80 - create IPUIPlugin
2026-08-27 16:18:10,040 [INFO] PluginManager:220 - loadIPPluginJar : add usbx
2026-08-27 16:18:10,167 [FATAL] Updater:351 - Updater called before beeing initialized
2026-08-27 16:18:10,203 [INFO] RulesReader:64 - Compatibility file has been processed (317 Rules)
2026-08-27 16:18:10,212 [INFO] RulesReader:64 - Compatibility file has been processed (317 Rules)
2026-08-27 16:18:10,219 [INFO] CADModel:165 - CPN selected for project level
2026-08-27 16:18:10,219 [INFO] CADModel:114 - Register for checkConnection events
2026-08-27 16:18:10,219 [FATAL] Updater:351 - Updater called before beeing initialized
2026-08-27 16:18:10,219 [ERROR] CADModel:125 - Updater not yet initialized, retry later 
2026-08-27 16:18:10,354 [FATAL] Updater:351 - Updater called before beeing initialized
2026-08-27 16:18:10,355 [INFO] CADModel:165 - CPN selected for project level
2026-08-27 16:18:10,355 [INFO] CADModel:114 - Register for checkConnection events
2026-08-27 16:18:10,355 [FATAL] Updater:351 - Updater called before beeing initialized
2026-08-27 16:18:10,355 [ERROR] CADModel:125 - Updater not yet initialized, retry later 
2026-08-27 16:18:10,357 [FATAL] Updater:351 - Updater called before beeing initialized
2026-08-27 16:18:10,471 [FATAL] Updater:351 - Updater called before beeing initialized
2026-08-27 16:18:10,483 [INFO] DbMcusAds:53 - JSON generation date=Thu Sep 30 12:25:09 IST 2021 (1632984909247)
2026-08-27 16:18:10,483 [FATAL] Updater:351 - Updater called before beeing initialized
2026-08-27 16:18:10,538 [WARN] DetailPanel:346 - Failed to get advertising image, set to default
2026-08-27 16:18:10,632 [FATAL] Updater:351 - Updater called before beeing initialized
2026-08-27 16:18:10,632 [FATAL] Updater:351 - Updater called before beeing initialized
2026-08-27 16:18:10,633 [FATAL] Updater:351 - Updater called before beeing initialized
2026-08-27 16:18:10,633 [WARN] DetailPanel:346 - Failed to get advertising image, set to default
2026-08-27 16:18:10,633 [FATAL] Updater:351 - Updater called before beeing initialized
2026-08-27 16:18:10,728 [ERROR] Updater:1198 - MainUpdater not yet initialized. External WinMGr cannot be set.
2026-08-27 16:18:10,753 [INFO] Updater:1134 - Updater Version found : 6.15.0
2026-08-27 16:18:10,791 [INFO] ApplicationProperties:184 - Using Application install path: C:\ST\STM32CubeIDE_1.19.0\STM32CubeIDE\plugins\com.st.stm32cube.common.mx_6.15.0.202507011659
2026-08-27 16:18:10,821 [INFO] MainUpdater:525 - Copy updater definitions from MX database
2026-08-27 16:18:10,901 [INFO] MainUpdater:558 - Copy flag file definitions from MX database
2026-08-27 16:18:10,951 [INFO] MainUpdater:574 - Copy thirdparty index definitions from MX database
2026-08-27 16:18:11,010 [INFO] MainUpdater:593 - Copy default thirdparty db definitions from MX database
2026-08-27 16:18:12,378 [INFO] ThirdPartyUpdaterWithRetryManager:70 - Updater plugin not ready yet. [3/15]
2026-08-27 16:18:15,256 [WARN] CheckConnectionManager:291 - Warning during Server Connection :  timeout Connect to sw-center.st.com:443 [sw-center.st.com/117.239.91.67, sw-center.st.com/117.239.91.88] failed: Read timed out
2026-08-27 16:18:15,378 [FATAL] Updater:351 - Updater called before beeing initialized
2026-08-27 16:18:15,378 [ERROR] IntegrityCheckThread:130 - Cannot retrieve database content from updater: error 21
2026-08-27 16:18:15,378 [INFO] ThirdParty:978 - Integrity check success = false
2026-08-27 16:18:15,378 [INFO] IntegrityCheckThread:100 - exiting critical section [integrity check]
2026-08-27 16:18:15,378 [INFO] IntegrityCheckThread:103 - End integrity checks thread
2026-08-27 16:18:17,496 [INFO] MainUpdater:2872 - connection check result : 10
2026-08-27 16:18:17,496 [INFO] MainUpdater:3604 - Updater definition file requires update
2026-08-27 16:18:17,497 [INFO] MainUpdater:289 - Updater Check For Update Now.
2026-08-27 16:18:17,497 [INFO] MicroXplorer:498 - Change Database Version : DB.6.0.150
2026-08-27 16:18:17,530 [INFO] McuFinderGlobals:63 - Set McuFinder mode to 2 (CubeIDE integrated)
2026-08-27 16:18:17,530 [INFO] UserAuth:171 - activating auth plugin
2026-08-27 16:18:17,546 [INFO] UserAuth:487 - Internet connection configuration mode: 1
2026-08-27 16:18:17,664 [INFO] JxBrowserEngine:152 - Initiate JxBrowser Engine with user profile folder
2026-08-27 16:18:18,925 [ERROR] JxBrowserEngine:70 - Can't initiate JxBrowser engine com.teamdev.jxbrowser.engine.ChromiumBinariesDeliveryException: Failed to extract Chromium binaries into C:\Users\Student\.stm32cubeide\.jxbrowser-7.41.4\Chromium
2026-08-27 16:18:20,869 [ERROR] LogOutputStream:75 - [STDERR_REDIRECT] [Fatal Error] :1:1: Premature end of file.
2026-08-27 16:18:20,869 [ERROR] LogOutputStream:75 - [STDERR_REDIRECT] 
2026-08-27 16:18:20,886 [ERROR] LogOutputStream:75 - [STDERR_REDIRECT] [Fatal Error] :1:1: Premature end of file.
2026-08-27 16:18:20,887 [ERROR] LogOutputStream:75 - [STDERR_REDIRECT] 
2026-08-27 16:18:20,998 [ERROR] LogOutputStream:75 - [STDERR_REDIRECT] [Fatal Error] :1:1: Premature end of file.
2026-08-27 16:18:20,998 [ERROR] LogOutputStream:75 - [STDERR_REDIRECT] 
2026-08-27 16:18:21,999 [ERROR] LogOutputStream:75 - [STDERR_REDIRECT] [Fatal Error] :1:1: Premature end of file.
2026-08-27 16:18:22,000 [ERROR] LogOutputStream:75 - [STDERR_REDIRECT] 
2026-08-27 16:18:22,999 [ERROR] LogOutputStream:75 - [STDERR_REDIRECT] [Fatal Error] :1:1: Premature end of file.
2026-08-27 16:18:22,999 [ERROR] LogOutputStream:75 - [STDERR_REDIRECT] 
2026-08-27 16:18:23,999 [ERROR] LogOutputStream:75 - [STDERR_REDIRECT] [Fatal Error] :1:1: Premature end of file.
2026-08-27 16:18:23,999 [ERROR] LogOutputStream:75 - [STDERR_REDIRECT] 
2026-08-27 16:18:24,999 [ERROR] LogOutputStream:75 - [STDERR_REDIRECT] [Fatal Error] :1:1: Premature end of file.
2026-08-27 16:18:25,000 [ERROR] LogOutputStream:75 - [STDERR_REDIRECT] 
2026-08-27 16:18:25,998 [ERROR] LogOutputStream:75 - [STDERR_REDIRECT] [Fatal Error] :1:1: Premature end of file.
2026-08-27 16:18:25,998 [ERROR] LogOutputStream:75 - [STDERR_REDIRECT] 
